2025-08-22 09:41:01,909 - __main__ - INFO - Running in dry-run mode (validation only)
2025-08-22 09:41:01,909 - __main__ - INFO - Loaded 15 valid contracts from 15 total
2025-08-22 09:41:01,909 - __main__ - INFO - Validation successful: 15 contracts are valid
2025-08-22 09:41:06,851 - __main__ - INFO - Starting contract migration process
2025-08-22 09:41:06,852 - __main__ - INFO - Created backup: agents/contracts.json.backup_20250822_144106
2025-08-22 09:41:06,852 - __main__ - INFO - Loaded 15 valid contracts from 15 total
2025-08-22 09:41:06,862 - database.connection_manager - INFO - Database engine initialized: sqlite:///database/megamind.db
2025-08-22 09:41:06,862 - database.database_manager - INFO - Database manager initialized
2025-08-22 09:41:06,864 - database.migration_manager - INFO - Database schema created successfully
2025-08-22 09:41:06,865 - database.connection_manager - INFO - Database connection test successful
2025-08-22 09:41:06,874 - database.database_manager - INFO - Database initialized successfully
2025-08-22 09:41:06,878 - database.migration_manager - INFO - Migrated contract: ui.01
2025-08-22 09:41:06,881 - database.migration_manager - ERROR - Failed to migrate contract feed.01: (builtins.TypeError) Object of type MetaData is not JSON serializable
[SQL: INSERT INTO contract_logs (contract_id, action, actor, message, new_values, timestamp, log_metadata) VALUES (?, ?, ?, ?, ?, ?, ?)]
[parameters: [{'contract_id': 1, 'action': 'contract_created', 'new_values': {'id': 'ui.01', 'title': 'Crush-based UI Framework', 'description': 'Implement a styled ... (1195 characters truncated) ... 'message': 'Contract migrated from JSON file', 'log_metadata': {'migration_source': 'json_file', 'migration_timestamp': '2025-08-22T14:41:06.878797'}}]]
2025-08-22 09:41:06,881 - database.migration_manager - ERROR - Failed to migrate contract memory.01: This Session's transaction has been rolled back due to a previous exception during flush. To begin a new transaction with this Session, first issue Session.rollback(). Original exception was: (builtins.TypeError) Object of type MetaData is not JSON serializable
[SQL: INSERT INTO contract_logs (contract_id, action, actor, message, new_values, timestamp, log_metadata) VALUES (?, ?, ?, ?, ?, ?, ?)]
[parameters: [{'contract_id': 1, 'action': 'contract_created', 'new_values': {'id': 'ui.01', 'title': 'Crush-based UI Framework', 'description': 'Implement a styled ... (1195 characters truncated) ... 'message': 'Contract migrated from JSON file', 'log_metadata': {'migration_source': 'json_file', 'migration_timestamp': '2025-08-22T14:41:06.878797'}}]] (Background on this error at: https://sqlalche.me/e/20/7s2a)
2025-08-22 09:41:06,882 - database.migration_manager - ERROR - Failed to migrate contract notify.01: This Session's transaction has been rolled back due to a previous exception during flush. To begin a new transaction with this Session, first issue Session.rollback(). Original exception was: (builtins.TypeError) Object of type MetaData is not JSON serializable
[SQL: INSERT INTO contract_logs (contract_id, action, actor, message, new_values, timestamp, log_metadata) VALUES (?, ?, ?, ?, ?, ?, ?)]
[parameters: [{'contract_id': 1, 'action': 'contract_created', 'new_values': {'id': 'ui.01', 'title': 'Crush-based UI Framework', 'description': 'Implement a styled ... (1195 characters truncated) ... 'message': 'Contract migrated from JSON file', 'log_metadata': {'migration_source': 'json_file', 'migration_timestamp': '2025-08-22T14:41:06.878797'}}]] (Background on this error at: https://sqlalche.me/e/20/7s2a)
2025-08-22 09:41:06,882 - database.migration_manager - ERROR - Failed to migrate contract game.01: This Session's transaction has been rolled back due to a previous exception during flush. To begin a new transaction with this Session, first issue Session.rollback(). Original exception was: (builtins.TypeError) Object of type MetaData is not JSON serializable
[SQL: INSERT INTO contract_logs (contract_id, action, actor, message, new_values, timestamp, log_metadata) VALUES (?, ?, ?, ?, ?, ?, ?)]
[parameters: [{'contract_id': 1, 'action': 'contract_created', 'new_values': {'id': 'ui.01', 'title': 'Crush-based UI Framework', 'description': 'Implement a styled ... (1195 characters truncated) ... 'message': 'Contract migrated from JSON file', 'log_metadata': {'migration_source': 'json_file', 'migration_timestamp': '2025-08-22T14:41:06.878797'}}]] (Background on this error at: https://sqlalche.me/e/20/7s2a)
2025-08-22 09:41:06,882 - database.migration_manager - ERROR - Failed to migrate contract orchestrator.01: This Session's transaction has been rolled back due to a previous exception during flush. To begin a new transaction with this Session, first issue Session.rollback(). Original exception was: (builtins.TypeError) Object of type MetaData is not JSON serializable
[SQL: INSERT INTO contract_logs (contract_id, action, actor, message, new_values, timestamp, log_metadata) VALUES (?, ?, ?, ?, ?, ?, ?)]
[parameters: [{'contract_id': 1, 'action': 'contract_created', 'new_values': {'id': 'ui.01', 'title': 'Crush-based UI Framework', 'description': 'Implement a styled ... (1195 characters truncated) ... 'message': 'Contract migrated from JSON file', 'log_metadata': {'migration_source': 'json_file', 'migration_timestamp': '2025-08-22T14:41:06.878797'}}]] (Background on this error at: https://sqlalche.me/e/20/7s2a)
2025-08-22 09:41:06,883 - database.migration_manager - ERROR - Failed to migrate contract finance.01: This Session's transaction has been rolled back due to a previous exception during flush. To begin a new transaction with this Session, first issue Session.rollback(). Original exception was: (builtins.TypeError) Object of type MetaData is not JSON serializable
[SQL: INSERT INTO contract_logs (contract_id, action, actor, message, new_values, timestamp, log_metadata) VALUES (?, ?, ?, ?, ?, ?, ?)]
[parameters: [{'contract_id': 1, 'action': 'contract_created', 'new_values': {'id': 'ui.01', 'title': 'Crush-based UI Framework', 'description': 'Implement a styled ... (1195 characters truncated) ... 'message': 'Contract migrated from JSON file', 'log_metadata': {'migration_source': 'json_file', 'migration_timestamp': '2025-08-22T14:41:06.878797'}}]] (Background on this error at: https://sqlalche.me/e/20/7s2a)
2025-08-22 09:41:06,883 - database.migration_manager - ERROR - Failed to migrate contract crypto.01: This Session's transaction has been rolled back due to a previous exception during flush. To begin a new transaction with this Session, first issue Session.rollback(). Original exception was: (builtins.TypeError) Object of type MetaData is not JSON serializable
[SQL: INSERT INTO contract_logs (contract_id, action, actor, message, new_values, timestamp, log_metadata) VALUES (?, ?, ?, ?, ?, ?, ?)]
[parameters: [{'contract_id': 1, 'action': 'contract_created', 'new_values': {'id': 'ui.01', 'title': 'Crush-based UI Framework', 'description': 'Implement a styled ... (1195 characters truncated) ... 'message': 'Contract migrated from JSON file', 'log_metadata': {'migration_source': 'json_file', 'migration_timestamp': '2025-08-22T14:41:06.878797'}}]] (Background on this error at: https://sqlalche.me/e/20/7s2a)
2025-08-22 09:41:06,884 - database.migration_manager - ERROR - Failed to migrate contract knowledge.01: This Session's transaction has been rolled back due to a previous exception during flush. To begin a new transaction with this Session, first issue Session.rollback(). Original exception was: (builtins.TypeError) Object of type MetaData is not JSON serializable
[SQL: INSERT INTO contract_logs (contract_id, action, actor, message, new_values, timestamp, log_metadata) VALUES (?, ?, ?, ?, ?, ?, ?)]
[parameters: [{'contract_id': 1, 'action': 'contract_created', 'new_values': {'id': 'ui.01', 'title': 'Crush-based UI Framework', 'description': 'Implement a styled ... (1195 characters truncated) ... 'message': 'Contract migrated from JSON file', 'log_metadata': {'migration_source': 'json_file', 'migration_timestamp': '2025-08-22T14:41:06.878797'}}]] (Background on this error at: https://sqlalche.me/e/20/7s2a)
2025-08-22 09:41:06,884 - database.migration_manager - ERROR - Failed to migrate contract actions.01: This Session's transaction has been rolled back due to a previous exception during flush. To begin a new transaction with this Session, first issue Session.rollback(). Original exception was: (builtins.TypeError) Object of type MetaData is not JSON serializable
[SQL: INSERT INTO contract_logs (contract_id, action, actor, message, new_values, timestamp, log_metadata) VALUES (?, ?, ?, ?, ?, ?, ?)]
[parameters: [{'contract_id': 1, 'action': 'contract_created', 'new_values': {'id': 'ui.01', 'title': 'Crush-based UI Framework', 'description': 'Implement a styled ... (1195 characters truncated) ... 'message': 'Contract migrated from JSON file', 'log_metadata': {'migration_source': 'json_file', 'migration_timestamp': '2025-08-22T14:41:06.878797'}}]] (Background on this error at: https://sqlalche.me/e/20/7s2a)
2025-08-22 09:41:06,884 - database.migration_manager - ERROR - Failed to migrate contract raids.01: This Session's transaction has been rolled back due to a previous exception during flush. To begin a new transaction with this Session, first issue Session.rollback(). Original exception was: (builtins.TypeError) Object of type MetaData is not JSON serializable
[SQL: INSERT INTO contract_logs (contract_id, action, actor, message, new_values, timestamp, log_metadata) VALUES (?, ?, ?, ?, ?, ?, ?)]
[parameters: [{'contract_id': 1, 'action': 'contract_created', 'new_values': {'id': 'ui.01', 'title': 'Crush-based UI Framework', 'description': 'Implement a styled ... (1195 characters truncated) ... 'message': 'Contract migrated from JSON file', 'log_metadata': {'migration_source': 'json_file', 'migration_timestamp': '2025-08-22T14:41:06.878797'}}]] (Background on this error at: https://sqlalche.me/e/20/7s2a)
2025-08-22 09:41:06,885 - database.migration_manager - ERROR - Failed to migrate contract journal.01: This Session's transaction has been rolled back due to a previous exception during flush. To begin a new transaction with this Session, first issue Session.rollback(). Original exception was: (builtins.TypeError) Object of type MetaData is not JSON serializable
[SQL: INSERT INTO contract_logs (contract_id, action, actor, message, new_values, timestamp, log_metadata) VALUES (?, ?, ?, ?, ?, ?, ?)]
[parameters: [{'contract_id': 1, 'action': 'contract_created', 'new_values': {'id': 'ui.01', 'title': 'Crush-based UI Framework', 'description': 'Implement a styled ... (1195 characters truncated) ... 'message': 'Contract migrated from JSON file', 'log_metadata': {'migration_source': 'json_file', 'migration_timestamp': '2025-08-22T14:41:06.878797'}}]] (Background on this error at: https://sqlalche.me/e/20/7s2a)
2025-08-22 09:41:06,885 - database.migration_manager - ERROR - Failed to migrate contract autonomy.01: This Session's transaction has been rolled back due to a previous exception during flush. To begin a new transaction with this Session, first issue Session.rollback(). Original exception was: (builtins.TypeError) Object of type MetaData is not JSON serializable
[SQL: INSERT INTO contract_logs (contract_id, action, actor, message, new_values, timestamp, log_metadata) VALUES (?, ?, ?, ?, ?, ?, ?)]
[parameters: [{'contract_id': 1, 'action': 'contract_created', 'new_values': {'id': 'ui.01', 'title': 'Crush-based UI Framework', 'description': 'Implement a styled ... (1195 characters truncated) ... 'message': 'Contract migrated from JSON file', 'log_metadata': {'migration_source': 'json_file', 'migration_timestamp': '2025-08-22T14:41:06.878797'}}]] (Background on this error at: https://sqlalche.me/e/20/7s2a)
2025-08-22 09:41:06,885 - database.migration_manager - ERROR - Failed to migrate contract api.01: This Session's transaction has been rolled back due to a previous exception during flush. To begin a new transaction with this Session, first issue Session.rollback(). Original exception was: (builtins.TypeError) Object of type MetaData is not JSON serializable
[SQL: INSERT INTO contract_logs (contract_id, action, actor, message, new_values, timestamp, log_metadata) VALUES (?, ?, ?, ?, ?, ?, ?)]
[parameters: [{'contract_id': 1, 'action': 'contract_created', 'new_values': {'id': 'ui.01', 'title': 'Crush-based UI Framework', 'description': 'Implement a styled ... (1195 characters truncated) ... 'message': 'Contract migrated from JSON file', 'log_metadata': {'migration_source': 'json_file', 'migration_timestamp': '2025-08-22T14:41:06.878797'}}]] (Background on this error at: https://sqlalche.me/e/20/7s2a)
2025-08-22 09:41:06,885 - database.migration_manager - ERROR - Failed to migrate contract api.02: This Session's transaction has been rolled back due to a previous exception during flush. To begin a new transaction with this Session, first issue Session.rollback(). Original exception was: (builtins.TypeError) Object of type MetaData is not JSON serializable
[SQL: INSERT INTO contract_logs (contract_id, action, actor, message, new_values, timestamp, log_metadata) VALUES (?, ?, ?, ?, ?, ?, ?)]
[parameters: [{'contract_id': 1, 'action': 'contract_created', 'new_values': {'id': 'ui.01', 'title': 'Crush-based UI Framework', 'description': 'Implement a styled ... (1195 characters truncated) ... 'message': 'Contract migrated from JSON file', 'log_metadata': {'migration_source': 'json_file', 'migration_timestamp': '2025-08-22T14:41:06.878797'}}]] (Background on this error at: https://sqlalche.me/e/20/7s2a)
2025-08-22 09:41:06,886 - database.connection_manager - ERROR - Database session error: This Session's transaction has been rolled back due to a previous exception during flush. To begin a new transaction with this Session, first issue Session.rollback(). Original exception was: (builtins.TypeError) Object of type MetaData is not JSON serializable
[SQL: INSERT INTO contract_logs (contract_id, action, actor, message, new_values, timestamp, log_metadata) VALUES (?, ?, ?, ?, ?, ?, ?)]
[parameters: [{'contract_id': 1, 'action': 'contract_created', 'new_values': {'id': 'ui.01', 'title': 'Crush-based UI Framework', 'description': 'Implement a styled ... (1195 characters truncated) ... 'message': 'Contract migrated from JSON file', 'log_metadata': {'migration_source': 'json_file', 'migration_timestamp': '2025-08-22T14:41:06.878797'}}]] (Background on this error at: https://sqlalche.me/e/20/7s2a)
2025-08-22 09:41:06,886 - database.migration_manager - ERROR - Failed to migrate contracts from JSON: This Session's transaction has been rolled back due to a previous exception during flush. To begin a new transaction with this Session, first issue Session.rollback(). Original exception was: (builtins.TypeError) Object of type MetaData is not JSON serializable
[SQL: INSERT INTO contract_logs (contract_id, action, actor, message, new_values, timestamp, log_metadata) VALUES (?, ?, ?, ?, ?, ?, ?)]
[parameters: [{'contract_id': 1, 'action': 'contract_created', 'new_values': {'id': 'ui.01', 'title': 'Crush-based UI Framework', 'description': 'Implement a styled ... (1195 characters truncated) ... 'message': 'Contract migrated from JSON file', 'log_metadata': {'migration_source': 'json_file', 'migration_timestamp': '2025-08-22T14:41:06.878797'}}]] (Background on this error at: https://sqlalche.me/e/20/7s2a)
2025-08-22 09:41:06,886 - __main__ - ERROR - Failed to migrate contracts
2025-08-22 09:41:06,886 - database.connection_manager - INFO - Database connections closed
2025-08-22 09:41:06,886 - database.database_manager - INFO - Database manager closed
2025-08-22 09:41:06,886 - __main__ - ERROR - Migration failed
2025-08-22 09:41:39,056 - __main__ - INFO - Starting contract migration process
2025-08-22 09:41:39,057 - __main__ - INFO - Created backup: agents/contracts.json.backup_20250822_144139
2025-08-22 09:41:39,058 - __main__ - INFO - Loaded 15 valid contracts from 15 total
2025-08-22 09:41:39,068 - database.connection_manager - INFO - Database engine initialized: sqlite:///database/megamind.db
2025-08-22 09:41:39,069 - database.database_manager - INFO - Database manager initialized
2025-08-22 09:41:39,071 - database.migration_manager - INFO - Database schema created successfully
2025-08-22 09:41:39,071 - database.connection_manager - INFO - Database connection test successful
2025-08-22 09:41:39,080 - database.database_manager - INFO - Database initialized successfully
2025-08-22 09:41:39,085 - database.migration_manager - INFO - Migrated contract: ui.01
2025-08-22 09:41:39,088 - database.migration_manager - INFO - Migrated contract: feed.01
2025-08-22 09:41:39,089 - database.migration_manager - INFO - Migrated contract: memory.01
2025-08-22 09:41:39,090 - database.migration_manager - INFO - Migrated contract: notify.01
2025-08-22 09:41:39,091 - database.migration_manager - INFO - Migrated contract: game.01
2025-08-22 09:41:39,093 - database.migration_manager - INFO - Migrated contract: orchestrator.01
2025-08-22 09:41:39,094 - database.migration_manager - INFO - Migrated contract: finance.01
2025-08-22 09:41:39,095 - database.migration_manager - INFO - Migrated contract: crypto.01
2025-08-22 09:41:39,096 - database.migration_manager - INFO - Migrated contract: knowledge.01
2025-08-22 09:41:39,098 - database.migration_manager - INFO - Migrated contract: actions.01
2025-08-22 09:41:39,099 - database.migration_manager - INFO - Migrated contract: raids.01
2025-08-22 09:41:39,100 - database.migration_manager - INFO - Migrated contract: journal.01
2025-08-22 09:41:39,102 - database.migration_manager - INFO - Migrated contract: autonomy.01
2025-08-22 09:41:39,103 - database.migration_manager - INFO - Migrated contract: api.01
2025-08-22 09:41:39,104 - database.migration_manager - INFO - Migrated contract: api.02
2025-08-22 09:41:39,106 - database.migration_manager - INFO - Successfully migrated 15 contracts from JSON
2025-08-22 09:41:39,121 - database.migration_manager - INFO - Migration verification completed: {'total_contracts': 15, 'total_log_entries': 15, 'contracts_without_logs': 0, 'status_distribution': {'pending': 0, 'in_progress': 4, 'awaiting_review': 5, 'completed': 6, 'cancelled': 0, 'failed': 0}, 'priority_distribution': {'low': 0, 'medium': 15, 'high': 0, 'immediate': 0}, 'migration_successful': True, 'verification_timestamp': '2025-08-22T14:41:39.121215'}
2025-08-22 09:41:39,121 - __main__ - INFO - Contract migration completed successfully
2025-08-22 09:41:39,121 - __main__ - INFO - Migration summary: {'total_contracts': 15, 'total_log_entries': 15, 'contracts_without_logs': 0, 'status_distribution': {'pending': 0, 'in_progress': 4, 'awaiting_review': 5, 'completed': 6, 'cancelled': 0, 'failed': 0}, 'priority_distribution': {'low': 0, 'medium': 15, 'high': 0, 'immediate': 0}, 'migration_successful': True, 'verification_timestamp': '2025-08-22T14:41:39.121215'}
2025-08-22 09:41:39,132 - database.migration_manager - INFO - Exported 15 contracts to database/backup_20250822_144139.json
2025-08-22 09:41:39,133 - database.connection_manager - INFO - Database connections closed
2025-08-22 09:41:39,133 - database.database_manager - INFO - Database manager closed
2025-08-22 09:41:39,133 - __main__ - INFO - Migration completed successfully
